// Jest Snapshot v1, https://goo.gl/fbAQLP

exports[`ActivateAccount shows message if token invalid 1`] = `
<DocumentFragment>
  <div
    class="flex justify-center px-6"
  >
    <div
      class="mb-40 mt-10 flex max-h-min w-full max-w-xs flex-col gap-3 rounded-md border border-slate-700 bg-white p-6 dark:bg-black"
    >
      <div
        class="mx-auto flex items-center gap-2"
      >
        <img
          alt="AuthApp logo"
          class="h-6 w-6"
          src="/logo192.png"
        />
        <h1
          class="text-2xl"
        >
          AuthApp
        </h1>
      </div>
      <h2
        class="text-center text-xl font-bold"
      >
        Invalid Link
      </h2>
      <p>
        We were unable to activate your account using the provided link.
      </p>
      <p>
        If you've already completed setup, 
        <a
          class="whitespace-nowrap text-blue-600 dark:text-blue-400"
          href="/login"
        >
          visit your account
        </a>
        .
      </p>
      <p>
        If your activation link has expired, 
        <a
          class="whitespace-nowrap text-blue-600 dark:text-blue-400"
          href="/register"
        >
          sign up again
        </a>
        .
      </p>
    </div>
  </div>
</DocumentFragment>
`;
